
> saas-admin@0.1.0 build
> vite build

failed to load config from D:\Users\ZXQL\wt-agents\issue-109\saas-admin\vite.config.ts
error during build:
Error: spawn EPERM
    at ChildProcess.spawn (node:internal/child_process:441:11)
    at Object.spawn (node:child_process:796:9)
    at ensureServiceIsRunning (D:\Users\ZXQL\ZXQL-MS\wen-ssystem\node_modules\esbuild\lib\main.js:1978:29)
    at build (D:\Users\ZXQL\ZXQL-MS\wen-ssystem\node_modules\esbuild\lib\main.js:1876:26)
    at bundleConfigFile (file:///D:/Users/ZXQL/ZXQL-MS/wen-ssystem/node_modules/vite/dist/node/chunks/dep-Dm0c1Wj2.js:49448:24)
    at async bundleAndLoadConfigFile (file:///D:/Users/ZXQL/ZXQL-MS/wen-ssystem/node_modules/vite/dist/node/chunks/dep-Dm0c1Wj2.js:49432:19)
    at async loadConfigFromFile (file:///D:/Users/ZXQL/ZXQL-MS/wen-ssystem/node_modules/vite/dist/node/chunks/dep-Dm0c1Wj2.js:49396:44)
    at async resolveConfig (file:///D:/Users/ZXQL/ZXQL-MS/wen-ssystem/node_modules/vite/dist/node/chunks/dep-Dm0c1Wj2.js:48891:24)
    at async createBuilder (file:///D:/Users/ZXQL/ZXQL-MS/wen-ssystem/node_modules/vite/dist/node/chunks/dep-Dm0c1Wj2.js:46866:18)
    at async CAC.<anonymous> (file:///D:/Users/ZXQL/ZXQL-MS/wen-ssystem/node_modules/vite/dist/node/cli.js:862:23)
npm error Lifecycle script `build` failed with error:
npm error code 1
npm error path D:\Users\ZXQL\wt-agents\issue-109\saas-admin
npm error workspace saas-admin@0.1.0
npm error location D:\Users\ZXQL\wt-agents\issue-109\saas-admin
npm error command failed
npm error command C:\WINDOWS\system32\cmd.exe /d /s /c vite build
