Sourcemap for "D:/Users/ZXQL/wt-agents/issue-120/saas-admin/vite.config.ts" points to missing source files
vite v6.4.3 building for production...
transforming...
../../../ZXQL-MS/wen-ssystem/node_modules/@vueuse/core/dist/index.js (3362:0): A comment

"/* #__PURE__ */"

in "../../../ZXQL-MS/wen-ssystem/node_modules/@vueuse/core/dist/index.js" contains an annotation that Rollup cannot interpret due to the position of the comment. The comment will be removed to avoid issues.
../../../ZXQL-MS/wen-ssystem/node_modules/@vueuse/core/dist/index.js (5780:22): A comment

"/* #__PURE__ */"

in "../../../ZXQL-MS/wen-ssystem/node_modules/@vueuse/core/dist/index.js" contains an annotation that Rollup cannot interpret due to the position of the comment. The comment will be removed to avoid issues.
✓ 2396 modules transformed.
rendering chunks...
computing gzip size...
C:/Users/XIONG/AppData/Local/Temp/s3-111/dist-final/index.html                                   0.82 kB │ gzip:   0.50 kB
C:/Users/XIONG/AppData/Local/Temp/s3-111/dist-final/assets/TenantForm-DpMgXC--.css               0.10 kB │ gzip:   0.12 kB
C:/Users/XIONG/AppData/Local/Temp/s3-111/dist-final/assets/TenantUsage-CxTFb-fF.css              0.11 kB │ gzip:   0.10 kB
C:/Users/XIONG/AppData/Local/Temp/s3-111/dist-final/assets/AiCognitionView-DEehhTC3.css          0.13 kB │ gzip:   0.13 kB
C:/Users/XIONG/AppData/Local/Temp/s3-111/dist-final/assets/MessageConfig-Bm6WIo7I.css            0.29 kB │ gzip:   0.16 kB
C:/Users/XIONG/AppData/Local/Temp/s3-111/dist-final/assets/ApplicationList-46bEsP0w.css          0.37 kB │ gzip:   0.20 kB
C:/Users/XIONG/AppData/Local/Temp/s3-111/dist-final/assets/AiUsageStats-BPmQZXjZ.css             0.38 kB │ gzip:   0.26 kB
C:/Users/XIONG/AppData/Local/Temp/s3-111/dist-final/assets/PlatformRegister-C3bubESB.css         0.50 kB │ gzip:   0.25 kB
C:/Users/XIONG/AppData/Local/Temp/s3-111/dist-final/assets/SubscriptionApplies-D2-pWZr8.css      0.74 kB │ gzip:   0.30 kB
C:/Users/XIONG/AppData/Local/Temp/s3-111/dist-final/assets/MonitorView-RD5y1TPC.css              0.79 kB │ gzip:   0.51 kB
C:/Users/XIONG/AppData/Local/Temp/s3-111/dist-final/assets/ApplicationDetail-CXy3MdUO.css        0.91 kB │ gzip:   0.35 kB
C:/Users/XIONG/AppData/Local/Temp/s3-111/dist-final/assets/Packages-Cx8I8PxH.css                 1.14 kB │ gzip:   0.60 kB
C:/Users/XIONG/AppData/Local/Temp/s3-111/dist-final/assets/Settings-DI0S7Tq4.css                 1.15 kB │ gzip:   0.52 kB
C:/Users/XIONG/AppData/Local/Temp/s3-111/dist-final/assets/ChannelPromotion-XPbxTFS4.css         1.54 kB │ gzip:   0.61 kB
C:/Users/XIONG/AppData/Local/Temp/s3-111/dist-final/assets/Dashboard-DCXGmKIt.css                1.77 kB │ gzip:   0.71 kB
C:/Users/XIONG/AppData/Local/Temp/s3-111/dist-final/assets/LibraryImport-TXY7oeCn.css            1.78 kB │ gzip:   0.84 kB
C:/Users/XIONG/AppData/Local/Temp/s3-111/dist-final/assets/AppVersions-C28Bh8xY.css              2.83 kB │ gzip:   0.88 kB
C:/Users/XIONG/AppData/Local/Temp/s3-111/dist-final/assets/TenantList-CGBtGDPk.css               2.91 kB │ gzip:   1.08 kB
C:/Users/XIONG/AppData/Local/Temp/s3-111/dist-final/assets/AiBillingConfig-qlwnsjYw.css          3.06 kB │ gzip:   0.96 kB
C:/Users/XIONG/AppData/Local/Temp/s3-111/dist-final/assets/TenantDetail-MdUnwgUo.css             3.23 kB │ gzip:   1.18 kB
C:/Users/XIONG/AppData/Local/Temp/s3-111/dist-final/assets/LibraryBrands-C97QZgdz.css            3.50 kB │ gzip:   1.05 kB
C:/Users/XIONG/AppData/Local/Temp/s3-111/dist-final/assets/Announcements-B2CsFYKk.css            3.51 kB │ gzip:   1.27 kB
C:/Users/XIONG/AppData/Local/Temp/s3-111/dist-final/assets/LibraryReviews-lLq1BjQ5.css           3.75 kB │ gzip:   1.26 kB
C:/Users/XIONG/AppData/Local/Temp/s3-111/dist-final/assets/AdminPermissions-X-X8gcrF.css         3.98 kB │ gzip:   1.30 kB
C:/Users/XIONG/AppData/Local/Temp/s3-111/dist-final/assets/LibrarySpus-Dko9W6NO.css              4.04 kB │ gzip:   1.32 kB
C:/Users/XIONG/AppData/Local/Temp/s3-111/dist-final/assets/TemplateCenter-BMS42ePY.css           4.37 kB │ gzip:   1.50 kB
C:/Users/XIONG/AppData/Local/Temp/s3-111/dist-final/assets/MobilePreview-D_FEchho.css            4.82 kB │ gzip:   1.35 kB
C:/Users/XIONG/AppData/Local/Temp/s3-111/dist-final/assets/PlatformAiConfig-BqNWJksR.css         4.84 kB │ gzip:   1.37 kB
C:/Users/XIONG/AppData/Local/Temp/s3-111/dist-final/assets/TicketSystem-DNSPmjKy.css             5.06 kB │ gzip:   1.79 kB
C:/Users/XIONG/AppData/Local/Temp/s3-111/dist-final/assets/PlatformLogin-DnZ06jza.css            5.23 kB │ gzip:   1.44 kB
C:/Users/XIONG/AppData/Local/Temp/s3-111/dist-final/assets/PackageForm-V9pMGgcU.css              6.33 kB │ gzip:   1.82 kB
C:/Users/XIONG/AppData/Local/Temp/s3-111/dist-final/assets/AgentManagement-C1-Rvjre.css          8.23 kB │ gzip:   1.79 kB
C:/Users/XIONG/AppData/Local/Temp/s3-111/dist-final/assets/PlatformLayout-Dga8KHiV.css           8.98 kB │ gzip:   2.20 kB
C:/Users/XIONG/AppData/Local/Temp/s3-111/dist-final/assets/index-G-Gr5my6.css                  418.28 kB │ gzip:  60.69 kB
C:/Users/XIONG/AppData/Local/Temp/s3-111/dist-final/assets/tenant-application-BQWBFi34.js        0.65 kB │ gzip:   0.27 kB
C:/Users/XIONG/AppData/Local/Temp/s3-111/dist-final/assets/download-blob-CRyF4NSQ.js             2.02 kB │ gzip:   1.25 kB
C:/Users/XIONG/AppData/Local/Temp/s3-111/dist-final/assets/quota-zxJ5tryY.js                     2.31 kB │ gzip:   1.31 kB
C:/Users/XIONG/AppData/Local/Temp/s3-111/dist-final/assets/tenant-D4jewNrt.js                    2.92 kB │ gzip:   1.35 kB
C:/Users/XIONG/AppData/Local/Temp/s3-111/dist-final/assets/library-bTGDCW9_.js                   4.19 kB │ gzip:   1.82 kB
C:/Users/XIONG/AppData/Local/Temp/s3-111/dist-final/assets/plan-features-C7jMb10b.js             5.35 kB │ gzip:   2.32 kB
C:/Users/XIONG/AppData/Local/Temp/s3-111/dist-final/assets/open-platform-x3FRaNNQ.js             5.38 kB │ gzip:   2.33 kB
C:/Users/XIONG/AppData/Local/Temp/s3-111/dist-final/assets/ai-config-DEbccboy.js                 8.83 kB │ gzip:   3.48 kB
C:/Users/XIONG/AppData/Local/Temp/s3-111/dist-final/assets/PlatformRegister-BAQ2jx-L.js          8.94 kB │ gzip:   2.15 kB
C:/Users/XIONG/AppData/Local/Temp/s3-111/dist-final/assets/ApplicationList-BgmLPcrY.js          10.63 kB │ gzip:   2.16 kB
C:/Users/XIONG/AppData/Local/Temp/s3-111/dist-final/assets/TenantForm-CTiQPqXl.js               11.57 kB │ gzip:   1.88 kB
C:/Users/XIONG/AppData/Local/Temp/s3-111/dist-final/assets/api-B2eORfVL.js                      13.29 kB │ gzip:   4.76 kB
C:/Users/XIONG/AppData/Local/Temp/s3-111/dist-final/assets/PlatformLogin-CQLo0vzv.js            15.51 kB │ gzip:   4.06 kB
C:/Users/XIONG/AppData/Local/Temp/s3-111/dist-final/assets/PlatformLayout-Dqque7Uk.js           16.64 kB │ gzip:   4.47 kB
C:/Users/XIONG/AppData/Local/Temp/s3-111/dist-final/assets/AuditLogs-DgbxbC21.js                19.51 kB │ gzip:   2.91 kB
C:/Users/XIONG/AppData/Local/Temp/s3-111/dist-final/assets/ChannelPromotion-BFFricys.js         19.61 kB │ gzip:   4.53 kB
C:/Users/XIONG/AppData/Local/Temp/s3-111/dist-final/assets/TicketSystem-DhoFCRn2.js             19.79 kB │ gzip:   4.33 kB
C:/Users/XIONG/AppData/Local/Temp/s3-111/dist-final/assets/ErrorLogs-DGDshja-.js                22.15 kB │ gzip:   3.26 kB
C:/Users/XIONG/AppData/Local/Temp/s3-111/dist-final/assets/SubscriptionApplies-6j9Ze8U2.js      23.32 kB │ gzip:   3.49 kB
C:/Users/XIONG/AppData/Local/Temp/s3-111/dist-final/assets/PlatformReviews-DgeotktE.js          26.03 kB │ gzip:   4.21 kB
C:/Users/XIONG/AppData/Local/Temp/s3-111/dist-final/assets/LibraryImport-BJ3STjV_.js            27.17 kB │ gzip:   6.20 kB
C:/Users/XIONG/AppData/Local/Temp/s3-111/dist-final/assets/AdminPermissions-DD5BLkGR.js         27.51 kB │ gzip:   6.00 kB
C:/Users/XIONG/AppData/Local/Temp/s3-111/dist-final/assets/Packages-l7gUqgRg.js                 27.67 kB │ gzip:   6.36 kB
C:/Users/XIONG/AppData/Local/Temp/s3-111/dist-final/assets/TenantUsage-CMD1uU3J.js              30.31 kB │ gzip:   5.62 kB
C:/Users/XIONG/AppData/Local/Temp/s3-111/dist-final/assets/SubscriptionDetail-Dqdy9H8f.js       31.83 kB │ gzip:   4.27 kB
C:/Users/XIONG/AppData/Local/Temp/s3-111/dist-final/assets/TenantAiConfig-C7W6vBj9.js           32.32 kB │ gzip:   5.70 kB
C:/Users/XIONG/AppData/Local/Temp/s3-111/dist-final/assets/AppVersions-C_8Tyg_g.js              32.34 kB │ gzip:   6.60 kB
C:/Users/XIONG/AppData/Local/Temp/s3-111/dist-final/assets/MessageConfig-D0k69usG.js            32.76 kB │ gzip:   4.05 kB
C:/Users/XIONG/AppData/Local/Temp/s3-111/dist-final/assets/MobilePreview-CqhY0aGU.js            34.91 kB │ gzip:   5.52 kB
C:/Users/XIONG/AppData/Local/Temp/s3-111/dist-final/assets/LibraryReviews-BOa0_jLZ.js           35.03 kB │ gzip:   7.17 kB
C:/Users/XIONG/AppData/Local/Temp/s3-111/dist-final/assets/ApplicationDetail-tcsUgoYu.js        35.56 kB │ gzip:   4.08 kB
C:/Users/XIONG/AppData/Local/Temp/s3-111/dist-final/assets/PlatformAiConfig-BpE-D5wB.js         36.59 kB │ gzip:   7.35 kB
C:/Users/XIONG/AppData/Local/Temp/s3-111/dist-final/assets/AiCognitionView-Z6p1pf2f.js          39.68 kB │ gzip:   4.85 kB
C:/Users/XIONG/AppData/Local/Temp/s3-111/dist-final/assets/Dashboard-Dd6ODDxr.js                40.30 kB │ gzip:   8.61 kB
C:/Users/XIONG/AppData/Local/Temp/s3-111/dist-final/assets/AiUsageStats-DAabUzFU.js             40.58 kB │ gzip:   8.47 kB
C:/Users/XIONG/AppData/Local/Temp/s3-111/dist-final/assets/LibraryBrands-DxqKafNK.js            40.73 kB │ gzip:   7.22 kB
C:/Users/XIONG/AppData/Local/Temp/s3-111/dist-final/assets/WebhookList-BjY-qL67.js              43.15 kB │ gzip:   7.23 kB
C:/Users/XIONG/AppData/Local/Temp/s3-111/dist-final/assets/Subscriptions-Cn02KYVc.js            44.77 kB │ gzip:   5.46 kB
C:/Users/XIONG/AppData/Local/Temp/s3-111/dist-final/assets/TenantList-CpooDrV1.js               44.78 kB │ gzip:   8.87 kB
C:/Users/XIONG/AppData/Local/Temp/s3-111/dist-final/assets/PackageForm-B-Yfq-nW.js              48.65 kB │ gzip:   9.17 kB
C:/Users/XIONG/AppData/Local/Temp/s3-111/dist-final/assets/Settings-Cz-9-7L3.js                 49.18 kB │ gzip:   8.66 kB
C:/Users/XIONG/AppData/Local/Temp/s3-111/dist-final/assets/TenantDetail-ClduDh9t.js             51.45 kB │ gzip:   9.04 kB
C:/Users/XIONG/AppData/Local/Temp/s3-111/dist-final/assets/Announcements-V9-5HfEN.js            59.14 kB │ gzip:  10.09 kB
C:/Users/XIONG/AppData/Local/Temp/s3-111/dist-final/assets/ApiKeyList-hmkkzZq9.js               61.38 kB │ gzip:  10.60 kB
C:/Users/XIONG/AppData/Local/Temp/s3-111/dist-final/assets/TemplateCenter-CBNL2hX5.js           75.57 kB │ gzip:  12.10 kB
C:/Users/XIONG/AppData/Local/Temp/s3-111/dist-final/assets/AgentManagement-2Ojyk9Qt.js          78.81 kB │ gzip:  11.48 kB
C:/Users/XIONG/AppData/Local/Temp/s3-111/dist-final/assets/AiBillingConfig-DvqGgDDk.js          95.57 kB │ gzip:  15.34 kB
C:/Users/XIONG/AppData/Local/Temp/s3-111/dist-final/assets/LibrarySpus-CL2MkvSQ.js              96.98 kB │ gzip:  15.85 kB
C:/Users/XIONG/AppData/Local/Temp/s3-111/dist-final/assets/MonitorView-CRz6q88S.js              98.63 kB │ gzip:  18.12 kB
C:/Users/XIONG/AppData/Local/Temp/s3-111/dist-final/assets/Reconciliation-PTVR50hN.js          127.84 kB │ gzip:  20.82 kB
C:/Users/XIONG/AppData/Local/Temp/s3-111/dist-final/assets/index-shcyfieo.js                   259.30 kB │ gzip:  55.87 kB
C:/Users/XIONG/AppData/Local/Temp/s3-111/dist-final/assets/vendor-QVSeu9aY.js                  573.02 kB │ gzip: 132.18 kB
C:/Users/XIONG/AppData/Local/Temp/s3-111/dist-final/assets/element-B4qbNdaB.js               2,603.93 kB │ gzip: 489.89 kB
C:/Users/XIONG/AppData/Local/Temp/s3-111/dist-final/assets/echarts-KMRairnV.js               3,947.30 kB │ gzip: 859.13 kB
✓ built in 28.94s
