src/views/tenant/ApplicationList.vue(35,61): error TS2345: Argument of type 'DefaultRow' is not assignable to parameter of type 'TenantApplication'.
  Type 'DefaultRow' is missing the following properties from type 'TenantApplication': id, company_name, company_short_name, contact_person, and 15 more.
src/views/tenant/TenantList.vue(160,16): error TS2345: Argument of type '{ class: string; onClick: (tenantId: number) => Promise<void>; }' is not assignable to parameter of type 'HTMLAttributes & ReservedProps & Record<string, unknown>'.
  Type '{ class: string; onClick: (tenantId: number) => Promise<void>; }' is not assignable to type 'HTMLAttributes'.
    Types of property 'onClick' are incompatible.
      Type '(tenantId: number) => Promise<void>' is not assignable to type '(payload: MouseEvent) => void'.
        Types of parameters 'tenantId' and 'payload' are incompatible.
          Type 'MouseEvent' is not assignable to type 'number'.
src/views/tenant/TenantDetail.vue(339,31): error TS2345: Argument of type 'string | string[]' is not assignable to parameter of type 'string | number'.
  Type 'string[]' is not assignable to type 'string | number'.
src/views/tenant/TenantDetail.vue(447,49): error TS2345: Argument of type 'string | string[]' is not assignable to parameter of type 'string | number'.
src/views/tenant/TenantDetail.vue(515,32): error TS2345: Argument of type 'string | string[]' is not assignable to parameter of type 'string | number'.
src/views/subscription/SubscriptionApplies.vue(34,61): error TS2345: Argument of type 'DefaultRow' is not assignable to parameter of type 'SubscriptionApply'.
  Type 'DefaultRow' is missing the following properties from type 'SubscriptionApply': id, planId, planName, company, and 7 more.
src/views/ErrorLogs.vue(62,10): error TS2322: Type '(row: any, expandedRows: any[]) => void' is not assignable to type '((row: any, expandedRows: any[]) => void) & ((row: any, expanded: boolean) => void)'.
  Type '(row: any, expandedRows: any[]) => void' is not assignable to type '(row: any, expanded: boolean) => void'.
    Types of parameters 'expandedRows' and 'expanded' are incompatible.
      Type 'boolean' is not assignable to type 'any[]'.
src/views/ai-config/AiCognitionView.vue(100,116): error TS2345: Argument of type 'DefaultRow' is not assignable to parameter of type 'EvolutionItem'.
  Type 'DefaultRow' is missing the following properties from type 'EvolutionItem': id, tenantId, target, version, and 6 more.
src/views/ai-config/AiCognitionView.vue(101,114): error TS2345: Argument of type 'DefaultRow' is not assignable to parameter of type 'EvolutionItem'.
src/views/ai-config/AiCognitionView.vue(102,112): error TS2345: Argument of type 'DefaultRow' is not assignable to parameter of type 'EvolutionItem'.
src/views/ai-config/AiCognitionView.vue(103,119): error TS2345: Argument of type 'DefaultRow' is not assignable to parameter of type 'EvolutionItem'.
