[s3-67] mock backend spawn pid=18304 cwd=D:\Users\ZXQL\wt-agents\issue-97\backend port=8081
[mock-request] POST /api/admin/auth/login
[mock-request] GET /api/app/version/admin_web
[mock-request] GET /api/admin/dashboard/overview
[mock-request] GET /api/admin/dashboard/recent-alerts
[mock-request] GET /api/admin/sale-bills?page=1&pageSize=100
[mock-request] GET /api/admin/receipts?page=1&pageSize=6
[mock-request] GET /api/admin/notifications?page=1&pageSize=8
[mock-request] GET /api/admin/members?page=1&pageSize=6
[mock-request] GET /api/admin/system/stores
[mock-request] GET /api/admin/dashboard/sales-trend-daily?days=62
[mock-request] GET /api/admin/instant-retail/orders?page=1&pageSize=100
[mock-request] GET /api/admin/wb-notifications/unread-count
[mock-request] GET /api/admin/wb-notifications?page=1&pageSize=6
[mock-request] GET /api/app/version/admin_web
[mock-request] GET /api/admin/dashboard/overview
[mock-request] GET /api/admin/dashboard/recent-alerts
[mock-request] GET /api/admin/sale-bills?page=1&pageSize=100
[mock-request] GET /api/admin/receipts?page=1&pageSize=6
[mock-request] GET /api/admin/notifications?page=1&pageSize=8
[mock-request] GET /api/admin/members?page=1&pageSize=6
[mock-request] GET /api/admin/system/stores
[mock-request] GET /api/admin/dashboard/sales-trend-daily?days=62
[mock-request] GET /api/admin/instant-retail/orders?page=1&pageSize=100
[mock-request] GET /api/admin/wb-notifications/unread-count
[mock-request] GET /api/admin/wb-notifications?page=1&pageSize=6
[mock-request] GET /api/app/version/admin_web
[mock-request] GET /api/admin/members?page=1&pageSize=30
[mock-request] GET /api/admin/staff
[mock-request] GET /api/admin/customer-types?page=1&pageSize=100&status=1
[mock-request] GET /api/admin/wb-notifications/unread-count
[mock-request] GET /api/admin/wb-notifications?page=1&pageSize=6
[mock-request] GET /api/app/version/admin_web
[mock-request] GET /api/admin/orders?page=1&pageSize=20
[mock-request] GET /api/admin/wb-notifications/unread-count
[mock-request] GET /api/admin/wb-notifications?page=1&pageSize=6
[mock-request] GET /api/app/version/admin_web
[mock-request] GET /api/admin/instant-retail/shop-config
[mock-request] GET /api/admin/instant-retail/banners
[mock-request] GET /api/admin/instant-retail/categories
[mock-request] GET /api/admin/wb-notifications/unread-count
[mock-request] GET /api/admin/wb-notifications?page=1&pageSize=6
[mock-request] GET /api/app/version/admin_web
[mock-request] GET /api/admin/sys-config/backup
[mock-request] GET /api/admin/sys-config/general
[mock-request] GET /api/admin/sys-config/store
[mock-request] GET /api/admin/sys-config/warehouse
[mock-request] GET /api/admin/sys-config/tenant-info
[mock-request] GET /api/admin/sys-config/backups
[mock-request] GET /api/admin/system/stores
[mock-request] GET /api/admin/warehouses
[mock-request] GET /api/admin/wb-notifications/unread-count
[mock-request] GET /api/admin/wb-notifications?page=1&pageSize=6
[mock-request] POST /api/admin/error-report
[mock-request] GET /api/app/version/admin_web
[mock-request] GET /api/store/hold-orders?page=1&pageSize=30
[mock-request] GET /api/admin/products/categories
[mock-request] GET /api/store/products?keyword=&barcode=
[mock-request] GET /api/store/payment/channels
[mock-request] GET /api/store/hardware/configs
[mock-request] GET /api/store/hardware/box-config
[mock-request] GET /api/admin/wb-notifications/unread-count
[mock-request] GET /api/admin/wb-notifications?page=1&pageSize=6
[mock-request] GET /api/app/version/admin_web
[mock-request] GET /api/store/hold-orders?page=1&pageSize=30
[mock-request] GET /api/admin/products/categories
[mock-request] GET /api/store/products?keyword=&barcode=
[mock-request] GET /api/store/payment/channels
[mock-request] GET /api/store/hardware/configs
[mock-request] GET /api/store/hardware/box-config
[mock-request] GET /api/admin/wb-notifications/unread-count
[mock-request] GET /api/admin/wb-notifications?page=1&pageSize=6
[mock-request] GET /api/app/version/admin_web
[mock-request] GET /api/store/hold-orders?page=1&pageSize=30
[mock-request] GET /api/admin/products/categories
[mock-request] GET /api/store/products?keyword=&barcode=
[mock-request] GET /api/store/payment/channels
[mock-request] GET /api/store/hardware/configs
[mock-request] GET /api/store/hardware/box-config
[mock-request] GET /api/admin/wb-notifications/unread-count
[mock-request] GET /api/admin/wb-notifications?page=1&pageSize=6
[mock-request] GET /api/app/version/admin_web
[mock-request] GET /api/admin/members?page=1&pageSize=30
[mock-request] GET /api/admin/staff
[mock-request] GET /api/admin/customer-types?page=1&pageSize=100&status=1
[mock-request] GET /api/admin/wb-notifications/unread-count
[mock-request] GET /api/admin/wb-notifications?page=1&pageSize=6
[mock-request] GET /api/app/version/admin_web
[mock-request] GET /api/admin/dashboard/overview
[mock-request] GET /api/admin/dashboard/recent-alerts
[mock-request] GET /api/admin/sale-bills?page=1&pageSize=100
[mock-request] GET /api/admin/receipts?page=1&pageSize=6
[mock-request] GET /api/admin/notifications?page=1&pageSize=8
[mock-request] GET /api/admin/members?page=1&pageSize=6
[mock-request] GET /api/admin/system/stores
[mock-request] GET /api/admin/dashboard/sales-trend-daily?days=62
[mock-request] GET /api/admin/instant-retail/orders?page=1&pageSize=100
[mock-request] GET /api/admin/wb-notifications/unread-count
[mock-request] GET /api/admin/wb-notifications?page=1&pageSize=6
[mock-request] GET /api/app/version/admin_web
[mock-request] GET /api/admin/members?page=1&pageSize=30
[mock-request] GET /api/admin/staff
[mock-request] GET /api/admin/customer-types?page=1&pageSize=100&status=1
[mock-request] GET /api/admin/wb-notifications/unread-count
[mock-request] GET /api/admin/wb-notifications?page=1&pageSize=6
[mock-request] GET /api/app/version/admin_web
[mock-request] GET /api/admin/orders?page=1&pageSize=20
[mock-request] GET /api/admin/wb-notifications/unread-count
[mock-request] GET /api/admin/wb-notifications?page=1&pageSize=6
[mock-request] GET /api/app/version/admin_web
[mock-request] GET /api/admin/instant-retail/shop-config
[mock-request] GET /api/admin/instant-retail/banners
[mock-request] GET /api/admin/instant-retail/categories
[mock-request] GET /api/admin/wb-notifications/unread-count
[mock-request] GET /api/admin/wb-notifications?page=1&pageSize=6
[mock-request] GET /api/app/version/admin_web
[mock-request] GET /api/admin/sys-config/backup
[mock-request] GET /api/admin/sys-config/general
[mock-request] GET /api/admin/sys-config/store
[mock-request] GET /api/admin/sys-config/warehouse
[mock-request] GET /api/admin/sys-config/tenant-info
[mock-request] GET /api/admin/sys-config/backups
[mock-request] GET /api/admin/system/stores
[mock-request] GET /api/admin/warehouses
[mock-request] GET /api/admin/wb-notifications/unread-count
[mock-request] GET /api/admin/wb-notifications?page=1&pageSize=6
[mock-request] POST /api/admin/error-report
[mock-request] GET /api/app/version/admin_web
[mock-request] GET /api/store/hold-orders?page=1&pageSize=30
[mock-request] GET /api/admin/products/categories
[mock-request] GET /api/store/products?keyword=&barcode=
[mock-request] GET /api/store/payment/channels
[mock-request] GET /api/store/hardware/configs
[mock-request] GET /api/store/hardware/box-config
[mock-request] GET /api/admin/wb-notifications/unread-count
[mock-request] GET /api/admin/wb-notifications?page=1&pageSize=6
[mock-request] GET /api/app/version/admin_web
[mock-request] GET /api/store/hold-orders?page=1&pageSize=30
[mock-request] GET /api/admin/products/categories
[mock-request] GET /api/store/products?keyword=&barcode=
[mock-request] GET /api/store/payment/channels
[mock-request] GET /api/store/hardware/configs
[mock-request] GET /api/store/hardware/box-config
[mock-request] GET /api/admin/wb-notifications/unread-count
[mock-request] GET /api/admin/wb-notifications?page=1&pageSize=6
[mock-request] GET /api/app/version/admin_web
[mock-request] GET /api/store/hold-orders?page=1&pageSize=30
[mock-request] GET /api/admin/products/categories
[mock-request] GET /api/store/products?keyword=&barcode=
[mock-request] GET /api/store/payment/channels
[mock-request] GET /api/store/hardware/configs
[mock-request] GET /api/store/hardware/box-config
[mock-request] GET /api/admin/wb-notifications/unread-count
[mock-request] GET /api/admin/wb-notifications?page=1&pageSize=6
[mock-request] GET /api/app/version/admin_web
[mock-request] GET /api/admin/dashboard/overview
[mock-request] GET /api/admin/dashboard/recent-alerts
[mock-request] GET /api/admin/sale-bills?page=1&pageSize=100
[mock-request] GET /api/admin/receipts?page=1&pageSize=6
[mock-request] GET /api/admin/notifications?page=1&pageSize=8
[mock-request] GET /api/admin/members?page=1&pageSize=6
[mock-request] GET /api/admin/system/stores
[mock-request] GET /api/admin/dashboard/sales-trend-daily?days=62
[mock-request] GET /api/admin/instant-retail/orders?page=1&pageSize=100
[mock-request] GET /api/admin/wb-notifications/unread-count
[mock-request] GET /api/admin/wb-notifications?page=1&pageSize=6
[mock-request] GET /api/app/version/admin_web
[mock-request] GET /api/admin/members?page=1&pageSize=30
[mock-request] GET /api/admin/staff
[mock-request] GET /api/admin/customer-types?page=1&pageSize=100&status=1
[mock-request] GET /api/admin/wb-notifications/unread-count
[mock-request] GET /api/admin/wb-notifications?page=1&pageSize=6
[mock-request] GET /api/app/version/admin_web
[mock-request] GET /api/admin/orders?page=1&pageSize=20
[mock-request] GET /api/admin/wb-notifications/unread-count
[mock-request] GET /api/admin/wb-notifications?page=1&pageSize=6
[mock-request] GET /api/app/version/admin_web
[mock-request] GET /api/admin/instant-retail/shop-config
[mock-request] GET /api/admin/instant-retail/banners
[mock-request] GET /api/admin/instant-retail/categories
[mock-request] GET /api/admin/wb-notifications/unread-count
[mock-request] GET /api/admin/wb-notifications?page=1&pageSize=6
[mock-request] GET /api/app/version/admin_web
[mock-request] GET /api/admin/sys-config/backup
[mock-request] GET /api/admin/sys-config/general
[mock-request] GET /api/admin/sys-config/store
[mock-request] GET /api/admin/sys-config/warehouse
[mock-request] GET /api/admin/sys-config/tenant-info
[mock-request] GET /api/admin/sys-config/backups
[mock-request] GET /api/admin/system/stores
[mock-request] GET /api/admin/warehouses
[mock-request] GET /api/admin/wb-notifications/unread-count
[mock-request] GET /api/admin/wb-notifications?page=1&pageSize=6
[mock-request] POST /api/admin/error-report
[mock-request] GET /api/app/version/admin_web
[mock-request] GET /api/store/hold-orders?page=1&pageSize=30
[mock-request] GET /api/admin/products/categories
[mock-request] GET /api/store/products?keyword=&barcode=
[mock-request] GET /api/store/payment/channels
[mock-request] GET /api/store/hardware/configs
[mock-request] GET /api/store/hardware/box-config
[mock-request] GET /api/admin/wb-notifications/unread-count
[mock-request] GET /api/admin/wb-notifications?page=1&pageSize=6
[mock-request] GET /api/app/version/admin_web
[mock-request] GET /api/store/hold-orders?page=1&pageSize=30
[mock-request] GET /api/admin/products/categories
[mock-request] GET /api/store/products?keyword=&barcode=
[mock-request] GET /api/store/payment/channels
[mock-request] GET /api/store/hardware/configs
[mock-request] GET /api/store/hardware/box-config
[mock-request] GET /api/admin/wb-notifications/unread-count
[mock-request] GET /api/admin/wb-notifications?page=1&pageSize=6
[mock-request] GET /api/app/version/admin_web
[mock-request] GET /api/store/hold-orders?page=1&pageSize=30
[mock-request] GET /api/admin/products/categories
[mock-request] GET /api/store/products?keyword=&barcode=
[mock-request] GET /api/store/payment/channels
[mock-request] GET /api/store/hardware/configs
[mock-request] GET /api/store/hardware/box-config
[mock-request] GET /api/admin/wb-notifications/unread-count
[mock-request] GET /api/admin/wb-notifications?page=1&pageSize=6
[mock-request] GET /api/app/version/admin_web
[mock-request] GET /api/admin/dashboard/overview
[mock-request] GET /api/admin/dashboard/recent-alerts
[mock-request] GET /api/admin/sale-bills?page=1&pageSize=100
[mock-request] GET /api/admin/receipts?page=1&pageSize=6
[mock-request] GET /api/admin/notifications?page=1&pageSize=8
[mock-request] GET /api/admin/members?page=1&pageSize=6
[mock-request] GET /api/admin/system/stores
[mock-request] GET /api/admin/dashboard/sales-trend-daily?days=62
[mock-request] GET /api/admin/instant-retail/orders?page=1&pageSize=100
[mock-request] GET /api/admin/wb-notifications/unread-count
[mock-request] GET /api/admin/wb-notifications?page=1&pageSize=6
[mock-request] GET /api/app/version/admin_web
[mock-request] GET /api/admin/members?page=1&pageSize=30
[mock-request] GET /api/admin/staff
[mock-request] GET /api/admin/customer-types?page=1&pageSize=100&status=1
[mock-request] GET /api/admin/wb-notifications/unread-count
[mock-request] GET /api/admin/wb-notifications?page=1&pageSize=6
[mock-request] GET /api/app/version/admin_web
[mock-request] GET /api/admin/orders?page=1&pageSize=20
[mock-request] GET /api/admin/wb-notifications/unread-count
[mock-request] GET /api/admin/wb-notifications?page=1&pageSize=6
[mock-request] GET /api/app/version/admin_web
[mock-request] GET /api/admin/instant-retail/shop-config
[mock-request] GET /api/admin/instant-retail/banners
[mock-request] GET /api/admin/instant-retail/categories
[mock-request] GET /api/admin/wb-notifications/unread-count
[mock-request] GET /api/admin/wb-notifications?page=1&pageSize=6
[mock-request] GET /api/app/version/admin_web
[mock-request] GET /api/admin/sys-config/backup
[mock-request] GET /api/admin/sys-config/general
[mock-request] GET /api/admin/sys-config/store
[mock-request] GET /api/admin/sys-config/warehouse
[mock-request] GET /api/admin/sys-config/tenant-info
[mock-request] GET /api/admin/sys-config/backups
[mock-request] GET /api/admin/system/stores
[mock-request] GET /api/admin/warehouses
[mock-request] GET /api/admin/wb-notifications/unread-count
[mock-request] GET /api/admin/wb-notifications?page=1&pageSize=6
[mock-request] POST /api/admin/error-report
[mock-request] GET /api/app/version/admin_web
[mock-request] GET /api/store/hold-orders?page=1&pageSize=30
[mock-request] GET /api/admin/products/categories
[mock-request] GET /api/store/products?keyword=&barcode=
[mock-request] GET /api/store/payment/channels
[mock-request] GET /api/store/hardware/configs
[mock-request] GET /api/store/hardware/box-config
[mock-request] GET /api/admin/wb-notifications/unread-count
[mock-request] GET /api/admin/wb-notifications?page=1&pageSize=6
[mock-request] GET /api/app/version/admin_web
[mock-request] GET /api/store/hold-orders?page=1&pageSize=30
[mock-request] GET /api/admin/products/categories
[mock-request] GET /api/store/products?keyword=&barcode=
[mock-request] GET /api/store/payment/channels
[mock-request] GET /api/store/hardware/configs
[mock-request] GET /api/store/hardware/box-config
[mock-request] GET /api/admin/wb-notifications/unread-count
[mock-request] GET /api/admin/wb-notifications?page=1&pageSize=6
[mock-request] GET /api/app/version/admin_web
[mock-request] GET /api/store/hold-orders?page=1&pageSize=30
[mock-request] GET /api/admin/products/categories
[mock-request] GET /api/store/products?keyword=&barcode=
[mock-request] GET /api/store/payment/channels
[mock-request] GET /api/store/hardware/configs
[mock-request] GET /api/store/hardware/box-config
[mock-request] GET /api/admin/wb-notifications/unread-count
[mock-request] GET /api/admin/wb-notifications?page=1&pageSize=6
[mock-request] GET /api/app/version/admin_web
[mock-request] GET /api/admin/dashboard/overview
[mock-request] GET /api/admin/dashboard/recent-alerts
[mock-request] GET /api/admin/sale-bills?page=1&pageSize=100
[mock-request] GET /api/admin/receipts?page=1&pageSize=6
[mock-request] GET /api/admin/notifications?page=1&pageSize=8
[mock-request] GET /api/admin/members?page=1&pageSize=6
[mock-request] GET /api/admin/system/stores
[mock-request] GET /api/admin/dashboard/sales-trend-daily?days=62
[mock-request] GET /api/admin/instant-retail/orders?page=1&pageSize=100
[mock-request] GET /api/admin/wb-notifications/unread-count
[mock-request] GET /api/admin/wb-notifications?page=1&pageSize=6
[mock-request] GET /api/app/version/admin_web
[mock-request] GET /api/admin/members?page=1&pageSize=30
[mock-request] GET /api/admin/staff
[mock-request] GET /api/admin/customer-types?page=1&pageSize=100&status=1
[mock-request] GET /api/admin/wb-notifications/unread-count
[mock-request] GET /api/admin/wb-notifications?page=1&pageSize=6
[mock-request] GET /api/app/version/admin_web
[mock-request] GET /api/admin/orders?page=1&pageSize=20
[mock-request] GET /api/admin/wb-notifications/unread-count
[mock-request] GET /api/admin/wb-notifications?page=1&pageSize=6
[mock-request] GET /api/app/version/admin_web
[mock-request] GET /api/admin/instant-retail/shop-config
[mock-request] GET /api/admin/instant-retail/banners
[mock-request] GET /api/admin/instant-retail/categories
[mock-request] GET /api/admin/wb-notifications/unread-count
[mock-request] GET /api/admin/wb-notifications?page=1&pageSize=6
[mock-request] GET /api/app/version/admin_web
[mock-request] GET /api/admin/sys-config/backup
[mock-request] GET /api/admin/sys-config/general
[mock-request] GET /api/admin/sys-config/store
[mock-request] GET /api/admin/sys-config/warehouse
[mock-request] GET /api/admin/sys-config/tenant-info
[mock-request] GET /api/admin/sys-config/backups
[mock-request] GET /api/admin/system/stores
[mock-request] GET /api/admin/warehouses
[mock-request] GET /api/admin/wb-notifications/unread-count
[mock-request] GET /api/admin/wb-notifications?page=1&pageSize=6
[mock-request] POST /api/admin/error-report
[mock-request] GET /api/app/version/admin_web
[mock-request] GET /api/store/hold-orders?page=1&pageSize=30
[mock-request] GET /api/admin/products/categories
[mock-request] GET /api/store/products?keyword=&barcode=
[mock-request] GET /api/store/payment/channels
[mock-request] GET /api/store/hardware/configs
[mock-request] GET /api/store/hardware/box-config
[mock-request] GET /api/admin/wb-notifications/unread-count
[mock-request] GET /api/admin/wb-notifications?page=1&pageSize=6
[mock-request] GET /api/app/version/admin_web
[mock-request] GET /api/store/hold-orders?page=1&pageSize=30
[mock-request] GET /api/admin/products/categories
[mock-request] GET /api/store/products?keyword=&barcode=
[mock-request] GET /api/store/payment/channels
[mock-request] GET /api/store/hardware/configs
[mock-request] GET /api/store/hardware/box-config
[mock-request] GET /api/admin/wb-notifications/unread-count
[mock-request] GET /api/admin/wb-notifications?page=1&pageSize=6
[mock-request] GET /api/app/version/admin_web
[mock-request] GET /api/store/hold-orders?page=1&pageSize=30
[mock-request] GET /api/admin/products/categories
[mock-request] GET /api/store/products?keyword=&barcode=
[mock-request] GET /api/store/payment/channels
[mock-request] GET /api/store/hardware/configs
[mock-request] GET /api/store/hardware/box-config
[mock-request] GET /api/admin/wb-notifications/unread-count
[mock-request] GET /api/admin/wb-notifications?page=1&pageSize=6
[mock-request] GET /api/app/version/admin_web
[mock-request] GET /api/admin/dashboard/overview
[mock-request] GET /api/admin/dashboard/recent-alerts
[mock-request] GET /api/admin/sale-bills?page=1&pageSize=100
[mock-request] GET /api/admin/receipts?page=1&pageSize=6
[mock-request] GET /api/admin/notifications?page=1&pageSize=8
[mock-request] GET /api/admin/members?page=1&pageSize=6
[mock-request] GET /api/admin/system/stores
[mock-request] GET /api/admin/dashboard/sales-trend-daily?days=62
[mock-request] GET /api/admin/instant-retail/orders?page=1&pageSize=100
[mock-request] GET /api/admin/wb-notifications/unread-count
[mock-request] GET /api/admin/wb-notifications?page=1&pageSize=6
[mock-request] GET /api/app/version/admin_web
[mock-request] GET /api/admin/members?page=1&pageSize=30
[mock-request] GET /api/admin/staff
[mock-request] GET /api/admin/customer-types?page=1&pageSize=100&status=1
[mock-request] GET /api/admin/wb-notifications/unread-count
[mock-request] GET /api/admin/wb-notifications?page=1&pageSize=6
[mock-request] GET /api/app/version/admin_web
[mock-request] GET /api/admin/orders?page=1&pageSize=20
[mock-request] GET /api/admin/wb-notifications/unread-count
[mock-request] GET /api/admin/wb-notifications?page=1&pageSize=6
[mock-request] GET /api/app/version/admin_web
[mock-request] GET /api/admin/instant-retail/shop-config
[mock-request] GET /api/admin/instant-retail/banners
[mock-request] GET /api/admin/instant-retail/categories
[mock-request] GET /api/admin/wb-notifications/unread-count
[mock-request] GET /api/admin/wb-notifications?page=1&pageSize=6
[mock-request] GET /api/app/version/admin_web
[mock-request] GET /api/admin/sys-config/backup
[mock-request] GET /api/admin/sys-config/general
[mock-request] GET /api/admin/sys-config/store
[mock-request] GET /api/admin/sys-config/warehouse
[mock-request] GET /api/admin/sys-config/tenant-info
[mock-request] GET /api/admin/sys-config/backups
[mock-request] GET /api/admin/system/stores
[mock-request] GET /api/admin/warehouses
[mock-request] GET /api/admin/wb-notifications/unread-count
[mock-request] GET /api/admin/wb-notifications?page=1&pageSize=6
[mock-request] POST /api/admin/error-report
[mock-request] GET /api/app/version/admin_web
[mock-request] GET /api/store/hold-orders?page=1&pageSize=30
[mock-request] GET /api/admin/products/categories
[mock-request] GET /api/store/products?keyword=&barcode=
[mock-request] GET /api/store/payment/channels
[mock-request] GET /api/store/hardware/configs
[mock-request] GET /api/store/hardware/box-config
[mock-request] GET /api/admin/wb-notifications/unread-count
[mock-request] GET /api/admin/wb-notifications?page=1&pageSize=6
[mock-request] GET /api/app/version/admin_web
[mock-request] GET /api/store/hold-orders?page=1&pageSize=30
[mock-request] GET /api/admin/products/categories
[mock-request] GET /api/store/products?keyword=&barcode=
[mock-request] GET /api/store/payment/channels
[mock-request] GET /api/store/hardware/configs
[mock-request] GET /api/store/hardware/box-config
[mock-request] GET /api/admin/wb-notifications/unread-count
[mock-request] GET /api/admin/wb-notifications?page=1&pageSize=6
[mock-request] GET /api/app/version/admin_web
[mock-request] GET /api/store/hold-orders?page=1&pageSize=30
[mock-request] GET /api/admin/products/categories
[mock-request] GET /api/store/products?keyword=&barcode=
[mock-request] GET /api/store/payment/channels
[mock-request] GET /api/store/hardware/configs
[mock-request] GET /api/store/hardware/box-config
[mock-request] GET /api/admin/wb-notifications/unread-count
[mock-request] GET /api/admin/wb-notifications?page=1&pageSize=6
[mock-request] GET /api/app/version/admin_web
[mock-request] GET /api/admin/dashboard/overview
[mock-request] GET /api/admin/dashboard/recent-alerts
[mock-request] GET /api/admin/sale-bills?page=1&pageSize=100
[mock-request] GET /api/admin/receipts?page=1&pageSize=6
[mock-request] GET /api/admin/notifications?page=1&pageSize=8
[mock-request] GET /api/admin/members?page=1&pageSize=6
[mock-request] GET /api/admin/system/stores
[mock-request] GET /api/admin/dashboard/sales-trend-daily?days=62
[mock-request] GET /api/admin/instant-retail/orders?page=1&pageSize=100
[mock-request] GET /api/admin/wb-notifications/unread-count
[mock-request] GET /api/admin/wb-notifications?page=1&pageSize=6
[mock-request] GET /api/app/version/admin_web
[mock-request] GET /api/admin/members?page=1&pageSize=30
[mock-request] GET /api/admin/staff
[mock-request] GET /api/admin/customer-types?page=1&pageSize=100&status=1
[mock-request] GET /api/admin/wb-notifications/unread-count
[mock-request] GET /api/admin/wb-notifications?page=1&pageSize=6
[mock-request] GET /api/app/version/admin_web
[mock-request] GET /api/admin/orders?page=1&pageSize=20
[mock-request] GET /api/admin/wb-notifications/unread-count
[mock-request] GET /api/admin/wb-notifications?page=1&pageSize=6
[mock-request] GET /api/app/version/admin_web
[mock-request] GET /api/admin/instant-retail/shop-config
[mock-request] GET /api/admin/instant-retail/banners
[mock-request] GET /api/admin/instant-retail/categories
[mock-request] GET /api/admin/wb-notifications/unread-count
[mock-request] GET /api/admin/wb-notifications?page=1&pageSize=6
[mock-request] GET /api/app/version/admin_web
[mock-request] GET /api/admin/sys-config/backup
[mock-request] GET /api/admin/sys-config/general
[mock-request] GET /api/admin/sys-config/store
[mock-request] GET /api/admin/sys-config/warehouse
[mock-request] GET /api/admin/sys-config/tenant-info
[mock-request] GET /api/admin/sys-config/backups
[mock-request] GET /api/admin/system/stores
[mock-request] GET /api/admin/warehouses
[mock-request] GET /api/admin/wb-notifications/unread-count
[mock-request] GET /api/admin/wb-notifications?page=1&pageSize=6
[mock-request] POST /api/admin/error-report
[mock-request] GET /api/app/version/admin_web
[mock-request] GET /api/store/hold-orders?page=1&pageSize=30
[mock-request] GET /api/admin/products/categories
[mock-request] GET /api/store/products?keyword=&barcode=
[mock-request] GET /api/store/payment/channels
[mock-request] GET /api/store/hardware/configs
[mock-request] GET /api/store/hardware/box-config
[mock-request] GET /api/admin/wb-notifications/unread-count
[mock-request] GET /api/admin/wb-notifications?page=1&pageSize=6
[mock-request] GET /api/app/version/admin_web
[mock-request] GET /api/store/hold-orders?page=1&pageSize=30
[mock-request] GET /api/admin/products/categories
[mock-request] GET /api/store/products?keyword=&barcode=
[mock-request] GET /api/store/payment/channels
[mock-request] GET /api/store/hardware/configs
[mock-request] GET /api/store/hardware/box-config
[mock-request] GET /api/admin/wb-notifications/unread-count
[mock-request] GET /api/admin/wb-notifications?page=1&pageSize=6
[mock-request] GET /api/app/version/admin_web
[mock-request] GET /api/store/hold-orders?page=1&pageSize=30
[mock-request] GET /api/admin/products/categories
[mock-request] GET /api/store/products?keyword=&barcode=
[mock-request] GET /api/store/payment/channels
[mock-request] GET /api/store/hardware/configs
[mock-request] GET /api/store/hardware/box-config
[mock-request] GET /api/admin/wb-notifications/unread-count
[mock-request] GET /api/admin/wb-notifications?page=1&pageSize=6
