【装置】真实后端 = http://127.0.0.1:18811（USE_MOCK_DB=true，数据面 = mock-db-shift.ts）
【模式】green   日期=2026-10-01   node=v24.18.0

  → POST /api/admin/auth/login [无令牌] ⇒ 200
    {"code":"0","msg":"成功","data":{"token":"eyJhbGciOiJIUzI1NiIsInR5cCI6IkpXVCJ9.eyJpZCI6MiwidXNlcm5hbWUiOiJzdG9yZV9tYW5hZ2VyIiwicmVhbE5hbWUiOiLpl6jlupfnu4_nkIYiLCJyb2xlcyI6W10sInN0b3JlSWQiOjEsInRlbmFudElkIjoiZGVmYXVsdCIsImlhdCI6MTc5MDg3NTkyMiwiZXhwIjoxNzkwODkwMzIyLCJhdWQiOiJ6aGl4aWFuZy1jbGllbnQiLCJpc3MiOiJ6aGl4aWFuZy1zeXN0ZW0ifQ.ZRG-Q0QiVlUJZf55fmogfpOZXgKgJiL831DTpEGNvMA","user":{"id":2,"username":"store_manager","realName":"门店经理","storeId":1,"tenantId":"default","roles":[],"permissions":[],"accessModes":["CASHIER"],"defaultMode":"CASHIER"},"csrfToken":"d3f5c341c7884ed96168691779c3d123e802bb1b60de83d127c31c067106419d"},"traceId":"f2e54fc1-356b-45df-a871-3722a51646d8"}
PASS  段0 真实登录签发令牌   ← status=200 token=eyJhbGciOiJI…
  → POST /api/store/shifts [Authorization令牌 +x-csrf-token] ⇒ 200
    {"code":"0","msg":"成功","data":{"shiftNo":"JB2026100260334","shiftType":"EVENING","startTime":"2026-10-01 20:15:00","status":"OPEN","operatorId":2,"operatorName":"张三","openingCash":200,"remark":"S3-146 运行期证据"},"traceId":"e58182ea-c822-4672-8daf-66a3aa687582"}
PASS  段1 新建交接班（落 t_shift，单号 JB…）   ← status=200 shiftNo=JB2026100260334 status字段=OPEN
  → GET /api/store/shifts?page=1&pageSize=20 [Authorization令牌] ⇒ 200
    {"code":"0","msg":"成功","data":{"records":[{"id":1,"shiftNo":"JB2026100260334","shiftType":"EVENING","storeId":1,"operatorId":2,"operatorName":"张三","startTime":"2026-10-01 20:15:00","endTime":null,"status":"OPEN","openingCash":200,"remark":"S3-146 运行期证据","totalSalesAmount":0,"totalOrders":0}],"total":1,"page":1,"pageSize":20},"traceId":"6f036f22-838e-4f30-96b2-cd6d8005fdf2"}
PASS  段2 列表行 status=OPEN（点击条件成立）   ← 行数=1 命中行={"id":1,"shiftNo":"JB2026100260334","shiftType":"EVENING","storeId":1,"operatorId":2,"operatorName":"张三","startTime":"2026-10-01 20:15:00","endTime":null,"status":"OPEN","openingCash":200,"remark":"S3-146 运行期证据","totalSalesAmount":0,"totalOrders":0}
  → POST /api/store/shifts/JB2026100260334/close [Authorization令牌 +x-csrf-token] ⇒ 200
    {"code":"0","msg":"成功","data":{"id":1,"shiftNo":"JB2026100260334","shiftType":"EVENING","storeId":1,"operatorId":2,"operatorName":"张三","startTime":"2026-10-01 20:15:00","endTime":"2026-10-02 01:32:02","status":"CLOSED","openingCash":200,"remark":"S3-146 运行期证据","totalAmount":0,"totalCount":0,"cashAmount":0,"wechatAmount":0,"alipayAmount":0,"totalReceived":0,"returnOrderCount":0,"paymentBreakdown":[]},"traceId":"def79b4d-b57f-4170-b7db-e187b6bce724"}
PASS  段3 close 返回 200 且落库结果 status=CLOSED、endTime 非空（服务端时间）   ← status=200 返回 status=CLOSED endTime="2026-10-02 01:32:02"
  → GET /api/store/shifts/JB2026100260334 [Authorization令牌] ⇒ 200
    {"code":"0","msg":"成功","data":{"id":1,"shiftNo":"JB2026100260334","shiftType":"EVENING","storeId":1,"operatorId":2,"operatorName":"张三","startTime":"2026-10-01 20:15:00","endTime":"2026-10-02 01:32:02","status":"CLOSED","openingCash":200,"remark":"S3-146 运行期证据","totalAmount":0,"totalCount":0,"cashAmount":0,"wechatAmount":0,"alipayAmount":0,"totalReceived":0,"returnOrderCount":0,"paymentBreakdown":[]},"traceId":"63dbff12-e81a-4b01-9f32-b7729e0d627b"}
PASS  段4 详情 status=CLOSED 且 end_time 非空（主判据：OPEN → close → CLOSED + end_time）   ← status=200 详情 status=CLOSED endTime="2026-10-02 01:32:02"
  → POST /api/store/shifts/JB2026100260334/close [Authorization令牌 +x-csrf-token] ⇒ 409
    {"code":"409","msg":"交接班已完成，无需重复关闭","traceId":"066f267e-0568-44d9-9a91-1b39da649bea"}
PASS  段5 重复 close ⇒ 显式业务结果（409 + 中文文案，非 200 假成功、非 500）   ← status=409 code=409 msg=交接班已完成，无需重复关闭
  → POST /api/store/shifts/JB2026100260334/close [无令牌] ⇒ 401
    {"code":"401","msg":"未登录","traceId":"0cb8c2c3-7f08-4784-9fd9-cd03c721bf5b"}
PASS  段6 无令牌调 close ⇒ 401（受 requireAuthWithTenant 保护）   ← status=401
  → POST /api/store/shifts/__S3146_NOT_EXIST__/close [Authorization令牌 +x-csrf-token] ⇒ 404
    {"code":"404","msg":"交接班不存在","traceId":"4fc93106-5b94-451f-9e58-956debf6fb80"}
PASS  段7 带令牌打不存在的单号 ⇒ 业务级 404（端点已注册，非 401）   ← status=404 msg=交接班不存在
  → GET /api/store/shifts?page=1&pageSize=20 [Authorization令牌] ⇒ 200
    {"code":"0","msg":"成功","data":{"records":[{"id":1,"shiftNo":"JB2026100260334","shiftType":"EVENING","storeId":1,"operatorId":2,"operatorName":"张三","startTime":"2026-10-01 20:15:00","endTime":"2026-10-02 01:32:02","status":"CLOSED","openingCash":200,"remark":"S3-146 运行期证据","totalSalesAmount":0,"totalOrders":0}],"total":1,"page":1,"pageSize":20},"traceId":"7e9128fe-c8f8-47a4-a49d-804b165957cd"}
PASS  段8 复核列表：该行 status=CLOSED、endTime 非空   ← 命中行={"id":1,"shiftNo":"JB2026100260334","shiftType":"EVENING","storeId":1,"operatorId":2,"operatorName":"张三","startTime":"2026-10-01 20:15:00","endTime":"2026-10-02 01:32:02","status":"CLOSED","openingCash":200,"remark":"S3-146 运行期证据","totalSalesAmount":0,"totalOrders":0}

小结[green]：9 passed / 0 failed（请求 9 条）
  ★ POST /api/admin/auth/login [无令牌] ⇒ 200
  ★ POST /api/store/shifts [Authorization令牌 +x-csrf-token] ⇒ 200
  ★ GET /api/store/shifts?page=1&pageSize=20 [Authorization令牌] ⇒ 200
  ★ POST /api/store/shifts/JB2026100260334/close [Authorization令牌 +x-csrf-token] ⇒ 200
  ★ GET /api/store/shifts/JB2026100260334 [Authorization令牌] ⇒ 200
  ★ POST /api/store/shifts/JB2026100260334/close [Authorization令牌 +x-csrf-token] ⇒ 409
  ★ POST /api/store/shifts/JB2026100260334/close [无令牌] ⇒ 401
  ★ POST /api/store/shifts/__S3146_NOT_EXIST__/close [Authorization令牌 +x-csrf-token] ⇒ 404
  ★ GET /api/store/shifts?page=1&pageSize=20 [Authorization令牌] ⇒ 200
GREEN_EXIT=0
