【装置】真实后端 = http://127.0.0.1:18811（USE_MOCK_DB=true，数据面 = mock-db-shift.ts）
【模式】green   日期=2026-10-01   node=v24.18.0

  → POST /api/admin/auth/login [无令牌] ⇒ 200
    {"code":"0","msg":"成功","data":{"token":"eyJhbGciOiJIUzI1NiIsInR5cCI6IkpXVCJ9.eyJpZCI6MiwidXNlcm5hbWUiOiJzdG9yZV9tYW5hZ2VyIiwicmVhbE5hbWUiOiLpl6jlupfnu4_nkIYiLCJyb2xlcyI6W10sInN0b3JlSWQiOjEsInRlbmFudElkIjoiZGVmYXVsdCIsImlhdCI6MTc5MDg3ODU2NCwiZXhwIjoxNzkwODkyOTY0LCJhdWQiOiJ6aGl4aWFuZy1jbGllbnQiLCJpc3MiOiJ6aGl4aWFuZy1zeXN0ZW0ifQ.rH3uX5kOnbV3eOFPtjfww82vTPWZ6_WZJg2onUfs56g","user":{"id":2,"username":"store_manager","realName":"门店经理","storeId":1,"tenantId":"default","roles":[],"permissions":[],"accessModes":["CASHIER"],"defaultMode":"CASHIER"},"csrfToken":"03d4f89b7d3573aeca2b8d91b770e7937c3d14f08a090572371b8fb74f2231aa"},"traceId":"7ddaf6ed-9a24-49e2-b16b-4b878e19a965"}
PASS  段0 真实登录签发令牌   ← status=200 token=eyJhbGciOiJI…
  → POST /api/store/shifts [Authorization令牌 +x-csrf-token] ⇒ 200
    {"code":"0","msg":"成功","data":{"shiftNo":"JB2026100241641","shiftType":"EVENING","startTime":"2026-10-01 20:15:00","status":"OPEN","operatorId":2,"operatorName":"张三","openingCash":200,"remark":"S3-146 运行期证据"},"traceId":"7b788799-4fe9-43a4-bd51-273f7144f1d9"}
PASS  段1 新建交接班（落 t_shift，单号 JB…）   ← status=200 shiftNo=JB2026100241641 status字段=OPEN
  → GET /api/store/shifts?page=1&pageSize=20 [Authorization令牌] ⇒ 200
    {"code":"0","msg":"成功","data":{"records":[{"id":1,"shiftNo":"JB2026100226359","shiftType":"EVENING","storeId":1,"operatorId":2,"operatorName":"张三","startTime":"2026-10-01 20:15:00","endTime":"2026-10-02 02:15:51","status":"CLOSED","openingCash":200,"remark":"S3-146 运行期证据","totalSalesAmount":0,"totalOrders":0},{"id":2,"shiftNo":"JB2026100241641","shiftType":"EVENING","storeId":1,"operatorId":2,"operatorName":"张三","startTime":"2026-10-01 20:15:00","endTime":null,"status":"OPEN","openingCash":200,"remark":"S3-146 运行期证据","totalSalesAmount":0,"totalOrders":0}],"total":2,"page":1,"pageSize":20},"traceId":"bf0f826d-c886-403d-bc00-1d0cd4969769"}
PASS  段2 列表行 status=OPEN（点击条件成立）   ← 行数=2 命中行={"id":2,"shiftNo":"JB2026100241641","shiftType":"EVENING","storeId":1,"operatorId":2,"operatorName":"张三","startTime":"2026-10-01 20:15:00","endTime":null,"status":"OPEN","openingCash":200,"remark":"S3-146 运行期证据","totalSalesAmount":0,"totalOrders":0}
  → POST /api/store/shifts/JB2026100241641/close [Authorization令牌 +x-csrf-token] ⇒ 200
    {"code":"0","msg":"成功","data":{"id":2,"shiftNo":"JB2026100241641","shiftType":"EVENING","storeId":1,"operatorId":2,"operatorName":"张三","startTime":"2026-10-01 20:15:00","endTime":"2026-10-02 02:16:04","status":"CLOSED","openingCash":200,"remark":"S3-146 运行期证据","totalAmount":0,"totalCount":0,"cashAmount":0,"wechatAmount":0,"alipayAmount":0,"totalReceived":0,"returnOrderCount":0,"paymentBreakdown":[]},"traceId":"9d2c32c1-0cef-4d94-8eb4-08749a7189f9"}
PASS  段3 close 返回 200 且落库结果 status=CLOSED、endTime 非空（服务端时间）   ← status=200 返回 status=CLOSED endTime="2026-10-02 02:16:04"
  → GET /api/store/shifts/JB2026100241641 [Authorization令牌] ⇒ 200
    {"code":"0","msg":"成功","data":{"id":2,"shiftNo":"JB2026100241641","shiftType":"EVENING","storeId":1,"operatorId":2,"operatorName":"张三","startTime":"2026-10-01 20:15:00","endTime":"2026-10-02 02:16:04","status":"CLOSED","openingCash":200,"remark":"S3-146 运行期证据","totalAmount":0,"totalCount":0,"cashAmount":0,"wechatAmount":0,"alipayAmount":0,"totalReceived":0,"returnOrderCount":0,"paymentBreakdown":[]},"traceId":"5db1f596-5cba-4bde-b8d6-6d2100183d5f"}
PASS  段4 详情 status=CLOSED 且 end_time 非空（主判据：OPEN → close → CLOSED + end_time）   ← status=200 详情 status=CLOSED endTime="2026-10-02 02:16:04"
  → POST /api/store/shifts/JB2026100241641/close [Authorization令牌 +x-csrf-token] ⇒ 409
    {"code":"409","msg":"交接班已完成，无需重复关闭","traceId":"803010db-2d87-44e8-a7d2-f308424359b2"}
PASS  段5 重复 close ⇒ 显式业务结果（409 + 中文文案，非 200 假成功、非 500）   ← status=409 code=409 msg=交接班已完成，无需重复关闭
  → POST /api/store/shifts/JB2026100241641/close [无令牌] ⇒ 401
    {"code":"401","msg":"未登录","traceId":"48cacb36-be64-479e-8b60-538f64634400"}
PASS  段6 无令牌调 close ⇒ 401（受 requireAuthWithTenant 保护）   ← status=401
  → POST /api/store/shifts/__S3146_NOT_EXIST__/close [Authorization令牌 +x-csrf-token] ⇒ 404
    {"code":"404","msg":"交接班不存在","traceId":"80550569-ad15-4c5f-b499-7724f9f88050"}
PASS  段7 带令牌打不存在的单号 ⇒ 业务级 404（端点已注册，非 401）   ← status=404 msg=交接班不存在
  → GET /api/store/shifts?page=1&pageSize=20 [Authorization令牌] ⇒ 200
    {"code":"0","msg":"成功","data":{"records":[{"id":1,"shiftNo":"JB2026100226359","shiftType":"EVENING","storeId":1,"operatorId":2,"operatorName":"张三","startTime":"2026-10-01 20:15:00","endTime":"2026-10-02 02:15:51","status":"CLOSED","openingCash":200,"remark":"S3-146 运行期证据","totalSalesAmount":0,"totalOrders":0},{"id":2,"shiftNo":"JB2026100241641","shiftType":"EVENING","storeId":1,"operatorId":2,"operatorName":"张三","startTime":"2026-10-01 20:15:00","endTime":"2026-10-02 02:16:04","status":"CLOSED","openingCash":200,"remark":"S3-146 运行期证据","totalSalesAmount":0,"totalOrders":0}],"total":2,"page":1,"pageSize":20},"traceId":"998b57c7-f5d1-4fc5-9ae7-bb0cca16bb1b"}
PASS  段8 复核列表：该行 status=CLOSED、endTime 非空   ← 命中行={"id":2,"shiftNo":"JB2026100241641","shiftType":"EVENING","storeId":1,"operatorId":2,"operatorName":"张三","startTime":"2026-10-01 20:15:00","endTime":"2026-10-02 02:16:04","status":"CLOSED","openingCash":200,"remark":"S3-146 运行期证据","totalSalesAmount":0,"totalOrders":0}

小结[green]：9 passed / 0 failed（请求 9 条）
  ★ POST /api/admin/auth/login [无令牌] ⇒ 200
  ★ POST /api/store/shifts [Authorization令牌 +x-csrf-token] ⇒ 200
  ★ GET /api/store/shifts?page=1&pageSize=20 [Authorization令牌] ⇒ 200
  ★ POST /api/store/shifts/JB2026100241641/close [Authorization令牌 +x-csrf-token] ⇒ 200
  ★ GET /api/store/shifts/JB2026100241641 [Authorization令牌] ⇒ 200
  ★ POST /api/store/shifts/JB2026100241641/close [Authorization令牌 +x-csrf-token] ⇒ 409
  ★ POST /api/store/shifts/JB2026100241641/close [无令牌] ⇒ 401
  ★ POST /api/store/shifts/__S3146_NOT_EXIST__/close [Authorization令牌 +x-csrf-token] ⇒ 404
  ★ GET /api/store/shifts?page=1&pageSize=20 [Authorization令牌] ⇒ 200
GREEN_EXIT=0
